// Jest Snapshot v1, https://goo.gl/fbAQLP

exports[`<Home /> should match snapshot 1`] = `
<div>
  <div
    class="MuiBox-root css-1fvd2r1"
  >
    <img
      alt="background"
      src="main.png"
      style="position: absolute; max-width: 1572px; bottom: 0px; width: 100%; right: 0px;"
    />
    <div
      class="MuiBox-root css-t8vfqg"
    >
      <h2
        class="MuiTypography-root MuiTypography-h2 css-1rx97d8-MuiTypography-root"
      >
        BOOKS
      </h2>
      <h2
        class="MuiTypography-root MuiTypography-h2 css-y94pyy-MuiTypography-root"
      >
        club
      </h2>
      <h5
        class="MuiTypography-root MuiTypography-h5 css-1ncwoai-MuiTypography-root"
      >
        This application allows you to unite people with a common interest - reading books. The functionality allows users to share their opinions by writing book reviews, allows you to create rooms for joint discussion of books with the possibility of creating a video chat. In addition, the functionality of the application allows you to make personal notes about the book you read
      </h5>
    </div>
  </div>
  <div
    class="MuiBox-root css-10itben"
  >
    <h2
      class="MuiTypography-root MuiTypography-h2 css-131agbk-MuiTypography-root"
    >
      About Us
    </h2>
    <div
      class="MuiBox-root css-f3scve"
    />
    <div
      class="MuiBox-root css-3hhxqo"
    >
      <div
        class="MuiBox-root css-1wkb7z3"
      >
        <h3
          class="MuiTypography-root MuiTypography-h3 css-oxfbg2-MuiTypography-root"
        >
          Join
        </h3>
        <img
          alt="card"
          src="function SvgImage1(props) {
  return React.createElement(
    'svg', 
    Object.assign({}, props, {'data-file-name': SvgImage1.name})
  );
}"
          style="max-width: 400px; flex: 1; margin-bottom: 24px; object-fit: cover;"
        />
        <p
          class="MuiTypography-root MuiTypography-body1 css-1no9wdb-MuiTypography-root"
        >
          Lorem ipsum dolor sit amet, consectetur adipiscing elit. Curabitur quis laoreet tellus.
        </p>
        <button
          class="MuiButtonBase-root MuiButton-root MuiButton-text MuiButton-textPrimary MuiButton-sizeMedium MuiButton-textSizeMedium MuiButton-root MuiButton-text MuiButton-textPrimary MuiButton-sizeMedium MuiButton-textSizeMedium css-1ckkjjs-MuiButtonBase-root-MuiButton-root"
          tabindex="0"
          type="button"
        >
          Lorem Ipsum
          <span
            class="MuiTouchRipple-root css-8je8zh-MuiTouchRipple-root"
          />
        </button>
      </div>
      <div
        class="MuiBox-root css-1wkb7z3"
      >
        <h3
          class="MuiTypography-root MuiTypography-h3 css-oxfbg2-MuiTypography-root"
        >
          Communicate
        </h3>
        <img
          alt="card"
          src="function SvgImage2(props) {
  return React.createElement(
    'svg', 
    Object.assign({}, props, {'data-file-name': SvgImage2.name})
  );
}"
          style="max-width: 400px; flex: 1; margin-bottom: 24px; object-fit: cover;"
        />
        <p
          class="MuiTypography-root MuiTypography-body1 css-1no9wdb-MuiTypography-root"
        >
          Lorem ipsum dolor sit amet, consectetur adipiscing elit. Curabitur quis laoreet tellus.
        </p>
        <button
          class="MuiButtonBase-root MuiButton-root MuiButton-text MuiButton-textPrimary MuiButton-sizeMedium MuiButton-textSizeMedium MuiButton-root MuiButton-text MuiButton-textPrimary MuiButton-sizeMedium MuiButton-textSizeMedium css-1ckkjjs-MuiButtonBase-root-MuiButton-root"
          tabindex="0"
          type="button"
        >
          Lorem Ipsum
          <span
            class="MuiTouchRipple-root css-8je8zh-MuiTouchRipple-root"
          />
        </button>
      </div>
      <div
        class="MuiBox-root css-1wkb7z3"
      >
        <h3
          class="MuiTypography-root MuiTypography-h3 css-oxfbg2-MuiTypography-root"
        >
          Have fun!
        </h3>
        <img
          alt="card"
          src="function SvgImage3(props) {
  return React.createElement(
    'svg', 
    Object.assign({}, props, {'data-file-name': SvgImage3.name})
  );
}"
          style="max-width: 400px; flex: 1; margin-bottom: 24px; object-fit: cover;"
        />
        <p
          class="MuiTypography-root MuiTypography-body1 css-1no9wdb-MuiTypography-root"
        >
          Lorem ipsum dolor sit amet, consectetur adipiscing elit. Curabitur quis laoreet tellus.
        </p>
        <button
          class="MuiButtonBase-root MuiButton-root MuiButton-text MuiButton-textPrimary MuiButton-sizeMedium MuiButton-textSizeMedium MuiButton-root MuiButton-text MuiButton-textPrimary MuiButton-sizeMedium MuiButton-textSizeMedium css-1ckkjjs-MuiButtonBase-root-MuiButton-root"
          tabindex="0"
          type="button"
        >
          Lorem Ipsum
          <span
            class="MuiTouchRipple-root css-8je8zh-MuiTouchRipple-root"
          />
        </button>
      </div>
    </div>
  </div>
  <div
    class="MuiBox-root css-1flv2gt"
  >
    <h2
      class="MuiTypography-root MuiTypography-h2 css-131agbk-MuiTypography-root"
    >
      Our Heroes
    </h2>
    <div
      class="MuiBox-root css-15hapvs"
    >
      <div
        class="MuiBox-root css-n6vyx9"
      >
        <div
          class="MuiBox-root css-1wkb7z3"
        >
          <img
            alt="card"
            src="anhelina_vrubleuskaya.jpg"
            style="max-width: 400px; max-height: 400px; flex: 1; margin-bottom: 24px; object-fit: cover; border-radius: 400px;"
          />
          <h4
            class="MuiTypography-root MuiTypography-h4 css-1psfiy1-MuiTypography-root"
          >
            Anhelina Vrubleuskaya
          </h4>
          <p
            class="MuiTypography-root MuiTypography-body1 css-1no9wdb-MuiTypography-root"
          >
            Lorem ipsum dolor sit amet, consectetur adipiscing elit. Curabitur quis laoreet tellus.
          </p>
        </div>
        <div
          class="MuiBox-root css-1wkb7z3"
        >
          <img
            alt="card"
            src="olga_polyanskaya.jpg"
            style="max-width: 400px; max-height: 400px; flex: 1; margin-bottom: 24px; object-fit: cover; border-radius: 400px;"
          />
          <h4
            class="MuiTypography-root MuiTypography-h4 css-1psfiy1-MuiTypography-root"
          >
            Olga Polyanskaya
          </h4>
          <p
            class="MuiTypography-root MuiTypography-body1 css-1no9wdb-MuiTypography-root"
          >
            Lorem ipsum dolor sit amet, consectetur adipiscing elit. Curabitur quis laoreet tellus.
          </p>
        </div>
        <div
          class="MuiBox-root css-1wkb7z3"
        >
          <img
            alt="card"
            src="konstantin_shumak.jpg"
            style="max-width: 400px; max-height: 400px; flex: 1; margin-bottom: 24px; object-fit: cover; border-radius: 400px;"
          />
          <h4
            class="MuiTypography-root MuiTypography-h4 css-1psfiy1-MuiTypography-root"
          >
            Konstantin Shumak
          </h4>
          <p
            class="MuiTypography-root MuiTypography-body1 css-1no9wdb-MuiTypography-root"
          >
            Lorem ipsum dolor sit amet, consectetur adipiscing elit. Curabitur quis laoreet tellus.
          </p>
        </div>
      </div>
    </div>
  </div>
</div>
`;
